2025-06-15 12:06:33,907 - ETL_Orchestrator - INFO - Iniciando la orquestación del ETL de averías.
2025-06-15 12:06:33,908 - ETL_Orchestrator - WARNING - Directorio de datos brutos no encontrado, creado: c:\Users\maxxi\OneDrive\Escritorio\DE\Ejercicios\2. Automatizar reportes\..\data/raw
2025-06-15 12:06:33,908 - ETL_Orchestrator - WARNING - Directorio de datos procesados no encontrado, creado: c:\Users\maxxi\OneDrive\Escritorio\DE\Ejercicios\2. Automatizar reportes\..\data/processed
2025-06-15 12:06:46,243 - ETL_Orchestrator - INFO - Iniciando la orquestación del ETL de averías.
2025-06-15 12:08:28,985 - ETL_Orchestrator - INFO - Iniciando la orquestación del ETL de averías.
2025-06-15 12:09:01,342 - ETL_Orchestrator - INFO - Iniciando la orquestación del ETL de averías.
2025-06-15 12:09:01,351 - ETL_Orchestrator - INFO - Archivos ya procesados en la DB: 0
2025-06-15 12:09:01,352 - ETL_Orchestrator - INFO - No se encontraron nuevos archivos para procesar.
2025-06-15 12:09:34,355 - ETL_Orchestrator - INFO - Iniciando la orquestación del ETL de averías.
2025-06-15 12:09:34,357 - ETL_Orchestrator - INFO - Archivos ya procesados en la DB: 0
2025-06-15 12:09:34,358 - ETL_Orchestrator - INFO - No se encontraron nuevos archivos para procesar.
2025-06-15 12:12:53,170 - ETL_Orchestrator - INFO - Iniciando la orquestación del ETL de averías.
2025-06-15 12:12:53,173 - ETL_Orchestrator - INFO - Archivos ya procesados en la DB: 0
2025-06-15 12:12:53,174 - ETL_Orchestrator - INFO - No se encontraron nuevos archivos para procesar.
2025-06-15 12:15:31,635 - ETL_Orchestrator - INFO - Iniciando la orquestación del ETL de averías.
2025-06-15 12:15:31,637 - ETL_Orchestrator - INFO - Archivos ya procesados en la DB: 0
2025-06-15 12:15:31,638 - ETL_Orchestrator - INFO - Se encontraron 1 nuevos archivos para procesar.
2025-06-15 12:15:31,639 - ETL_Orchestrator - INFO - Procesando archivo: reportes_averias_puerto.xlsx
2025-06-15 12:15:31,922 - ETL_Averias - INFO - Archivo 'reportes_averias_puerto.xlsx' extraído con 100 filas.
2025-06-15 12:15:31,922 - ETL_Averias - INFO - Iniciando transformación de datos.
2025-06-15 12:15:31,930 - ETL_Averias - INFO - Transformación de datos completada.
2025-06-15 12:15:31,932 - ETL_Averias - INFO - Cargando datos del archivo 'reportes_averias_puerto.xlsx' en la base de datos.
2025-06-15 12:15:31,942 - ETL_Averias - INFO - Datos del archivo 'reportes_averias_puerto.xlsx' cargados exitosamente.
2025-06-15 12:15:31,944 - ETL_Averias - INFO - Archivo 'reportes_averias_puerto.xlsx' movido a 'c:\Users\maxxi\OneDrive\Escritorio\DE\Ejercicios\2. Automatizar reportes\data/processed'.
2025-06-15 12:15:31,945 - ETL_Orchestrator - INFO - Archivo 'reportes_averias_puerto.xlsx' procesado y movido exitosamente.
2025-06-15 12:15:31,945 - ETL_Orchestrator - INFO - Orquestación del ETL finalizada.
